// Jest Snapshot v1, https://goo.gl/fbAQLP

exports[`SidesForm renders the component 1`] = `"<div>Sides form</div>"`;
